W/Firestore(18360): (25.1.4) [WriteStream]: (bad5175) Stream closed with status: Status{code=PERMISSION_DENIED, description=Missing or insufficient permissions., cause=null}.
W/Firestore(18360): (25.1.4) [Firestore]: Write failed at users/y1i911AxOMcZ94cBALW5BmBhlzH2/wateringPrefs/T3B1bnRpYSBmaWN1cy1pbmRpY2E=: Status{code=PERMISSION_DENIED, description=Missing or insufficient permissions., cause=null}
E/flutter (18360): [ERROR:flutter/runtime/dart_vm_initializer.cc(40)] Unhandled Exception: [cloud_firestore/permission-denied] The caller does not have permission to execute the specified operation.
E/flutter (18360): #0      FirebaseFirestoreHostApi.documentReferenceSet (package:cloud_firestore_platform_interface/src/pigeon/messages.pigeon.dart:1032:7)
E/flutter (18360): <asynchronous suspension>
E/flutter (18360): #1      MethodChannelDocumentReference.set (package:cloud_firestore_platform_interface/src/method_channel/method_channel_document_reference.dart:35:7)
E/flutter (18360): <asynchronous suspension>
E/flutter (18360): #2      WateringService.markWatered (package:plant_doctor/services/watering_service.dart:29:5)
E/flutter (18360): <asynchronous suspension>
E/flutter (18360): #3      _WateringCard.build.<anonymous closure> (package:plant_doctor/screens/plant_profile_screen.dart:130:17)
E/flutter (18360): <asynchronous suspension>
E/flutter (18360):
